// Vitest Snapshot v1, https://vitest.dev/guide/snapshot.html

exports[`Main > should render a snapshot 1`] = `
<main
  class="flex h-screen w-full flex-col items-center justify-center space-y-8 bg-zinc-800 px-4"
>
  <h1
    class="text-4xl font-bold capitalize text-zinc-100 sm:text-6xl"
  >
    template next
  </h1>
  <h4
    class="text-sm capitalize text-emerald-300 sm:text-xl"
  >
    com typescript, tailwind, storybook e vitest
  </h4>
  <img
    alt="desenvolvedor em frente a um computador"
    data-nimg="1"
    decoding="async"
    fetchpriority="high"
    height="400"
    src="./logo.svg"
    style="color: transparent;"
    width="400"
  />
</main>
`;
